../Core/Src/main.c:103:5:main	24	static
../Core/Src/main.c:259:6:SystemClock_Config	88	static
../Core/Src/main.c:300:13:MX_ADC1_Init	24	static
../Core/Src/main.c:352:13:MX_I2C1_Init	8	static
../Core/Src/main.c:386:13:MX_SPI2_Init	8	static
../Core/Src/main.c:424:13:MX_TIM3_Init	48	static
../Core/Src/main.c:473:13:MX_USART2_UART_Init	8	static
../Core/Src/main.c:504:13:MX_DMA_Init	16	static
../Core/Src/main.c:522:13:MX_GPIO_Init	40	static
../Core/Src/main.c:586:6:HAL_UART_RxCpltCallback	16	static
../Core/Src/main.c:596:6:HAL_GPIO_EXTI_Callback	16	static
../Core/Src/main.c:641:6:Error_Handler	4	static,ignoring_inline_asm
