../Core/Src/main.c:103:5:main	24	static
../Core/Src/main.c:261:6:SystemClock_Config	88	static
../Core/Src/main.c:302:13:MX_ADC1_Init	24	static
../Core/Src/main.c:354:13:MX_I2C1_Init	8	static
../Core/Src/main.c:388:13:MX_SPI2_Init	8	static
../Core/Src/main.c:426:13:MX_TIM3_Init	48	static
../Core/Src/main.c:475:13:MX_USART2_UART_Init	8	static
../Core/Src/main.c:506:13:MX_DMA_Init	16	static
../Core/Src/main.c:524:13:MX_GPIO_Init	40	static
../Core/Src/main.c:591:6:HAL_UART_RxCpltCallback	16	static
../Core/Src/main.c:601:6:HAL_GPIO_EXTI_Callback	16	static
../Core/Src/main.c:626:6:Error_Handler	4	static,ignoring_inline_asm
